I'm sorry, but errors were detected in your script. Please correct the
errors listed below, and try again.


File "game/bath.rpy", line 263: choice menuitem expects a non-empty block.
    "Blow him":
               ^

Ren'Py Version: Ren'Py 7.2.2.491
Tue Nov 12 00:50:49 2019
